// Jest Snapshot v1, https://goo.gl/fbAQLP

exports[`test action should test questions 1`] = `
Array [
  Object {
    "type": "INIT_GET_TEST",
  },
  Object {
    "payload": [Error: Nock: No match for request {
  "method": "GET",
  "url": "https://freyja-ah-backend.herokuapp.com/api/tests/undefined",
  "headers": {
    "accept": "application/json, text/plain, */*",
    "authorization": {},
    "user-agent": "axios/0.19.0"
  }
}],
    "type": "GET_ERRORS",
  },
]
`;
