// Jest Snapshot v1, https://goo.gl/fbAQLP

exports[`Reset password component should render correctly the reset password component 1`] = `ShallowWrapper {}`;
