// Jest Snapshot v1, https://goo.gl/fbAQLP

exports[`InputField component should render without errors 1`] = `
<Fragment>
  <input
    className="input"
    name="lastName"
    placeholder="Last name"
    type="text"
  />
</Fragment>
`;
