// Jest Snapshot v1, https://goo.gl/fbAQLP

exports[`test community page should test community page 1`] = `ShallowWrapper {}`;
