// Jest Snapshot v1, https://goo.gl/fbAQLP

exports[`test verify user page should test verify user page 1`] = `ShallowWrapper {}`;
