// Jest Snapshot v1, https://goo.gl/fbAQLP

exports[`reser password page should render correctly Reset password page 1`] = `ShallowWrapper {}`;
