// Jest Snapshot v1, https://goo.gl/fbAQLP

exports[`Card component should render correctly the card component 1`] = `ShallowWrapper {}`;
