// Jest Snapshot v1, https://goo.gl/fbAQLP

exports[`Heading component should render without errors 1`] = `
<h2
  className="heading"
>
  create an account
</h2>
`;
