// Jest Snapshot v1, https://goo.gl/fbAQLP

exports[`component: Modules should render modules component correctly 1`] = `ShallowWrapper {}`;
