// Jest Snapshot v1, https://goo.gl/fbAQLP

exports[`test verify user component should test verify 1`] = `ShallowWrapper {}`;
